CCS PCM C Compiler, Version 3.127, 16805

               Filename: G:\ï∂âªç’\number_5_1.LST

               ROM used: 110 (3%)
                         Largest free fragment is 2048
               RAM used: 18 (9%) at main() level
                         18 (9%) worst case
               Stack:    0 locations

*
0000:  MOVLW  00
0001:  MOVWF  0A
0002:  GOTO   004
0003:  NOP
....................  #include <j:\ccs-c\devices\16f873a.h> 
....................  //////// Standard Header file for the PIC16F873A device ////////////////  
.................... #device PIC16F873A  
.................... #list  
....................  
.................... #Fuses 	HS,NOWDT,NOPROTECT,NOLVP  
.................... #use	delay(clock=20000000)  
.................... int a,b,c,aa,bb,cc,aaa,bbb,ccc,check,cnt;  
.................... void sub (void);  
.................... void sub_2 (void);  
.................... void main(void)  
.................... {  
0004:  CLRF   04
0005:  MOVLW  1F
0006:  ANDWF  03,F
0007:  MOVLW  07
0008:  BSF    03.5
0009:  MOVWF  1F
000A:  MOVLW  07
000B:  BCF    03.5
000C:  MOVWF  1F
000D:  MOVLW  FF
000E:  MOVWF  30
.................... 	set_tris_a(0x80);  
000F:  MOVLW  80
0010:  BSF    03.5
0011:  MOVWF  05
.................... 	set_tris_b(0x80);  
0012:  MOVLW  80
0013:  MOVWF  06
.................... 	set_tris_c(0x80);  
0014:  MOVLW  80
0015:  MOVWF  07
0016:  BCF    03.5
0017:  MOVWF  30
....................   
.................... 	a = 0;				//  a,b,c	ìñÇΩÇËåãâ ï€éùïœêî  
0018:  CLRF   25
.................... 	b = 0;  
0019:  CLRF   26
.................... 	c = 0;  
001A:  CLRF   27
.................... 	aa = 0;				// aa,bb,cc	LEDéµïœâªïœêî  
001B:  CLRF   28
.................... 	bb = 0;  
001C:  CLRF   29
.................... 	cc = 0;  
001D:  CLRF   2A
.................... 	aaa = ~0x10;			// aaa,bbb,ccc	LEDèoóÕïœêî  
001E:  MOVLW  EF
001F:  MOVWF  2B
.................... 	bbb = ~0x10;  
0020:  MOVLW  EF
0021:  MOVWF  2C
.................... 	ccc = ~0x10;  
0022:  MOVLW  EF
0023:  MOVWF  2D
.................... 	aaa &= 0x7e;  
0024:  MOVLW  7E
0025:  ANDWF  2B,F
.................... 	bbb &= 0x7e;  
0026:  MOVLW  7E
0027:  ANDWF  2C,F
.................... 	ccc &= 0x7e;   
0028:  MOVLW  7E
0029:  ANDWF  2D,F
....................   
.................... 	output_a(0xff);  
002A:  MOVLW  00
002B:  BSF    03.5
002C:  MOVWF  05
002D:  MOVLW  FF
002E:  BCF    03.5
002F:  MOVWF  05
.................... 	output_b(0xff);  
0030:  MOVLW  00
0031:  BSF    03.5
0032:  MOVWF  06
0033:  MOVLW  FF
0034:  BCF    03.5
0035:  MOVWF  06
.................... 	output_c(0xff);  
0036:  MOVLW  00
0037:  MOVWF  30
0038:  BSF    03.5
0039:  MOVWF  07
003A:  MOVLW  FF
003B:  BCF    03.5
003C:  MOVWF  07
.................... 	while( 1 ){  
.................... 			if(input_a() & 0x80 == 0){  
003D:  MOVLW  FF
003E:  BSF    03.5
003F:  MOVWF  05
0040:  BCF    03.5
0041:  MOVF   05,W
0042:  ANDLW  00
0043:  XORLW  00
0044:  BTFSC  03.2
0045:  GOTO   04C
.................... 			output_a(0x3f);  
0046:  MOVLW  00
0047:  BSF    03.5
0048:  MOVWF  05
0049:  MOVLW  3F
004A:  BCF    03.5
004B:  MOVWF  05
.................... 		}  
.................... 			if(input_b() & 0x80 == 0){  
004C:  MOVLW  FF
004D:  BSF    03.5
004E:  MOVWF  06
004F:  BCF    03.5
0050:  MOVF   06,W
0051:  ANDLW  00
0052:  XORLW  00
0053:  BTFSC  03.2
0054:  GOTO   05B
.................... 			output_b(0x3f);  
0055:  MOVLW  00
0056:  BSF    03.5
0057:  MOVWF  06
0058:  MOVLW  3F
0059:  BCF    03.5
005A:  MOVWF  06
.................... 		}  
.................... 			if(input_c() & 0x80 == 0){  
005B:  MOVLW  FF
005C:  MOVWF  30
005D:  BSF    03.5
005E:  MOVWF  07
005F:  BCF    03.5
0060:  MOVF   07,W
0061:  ANDLW  00
0062:  XORLW  00
0063:  BTFSC  03.2
0064:  GOTO   06C
.................... 			output_c(0x3f);  
0065:  MOVLW  00
0066:  MOVWF  30
0067:  BSF    03.5
0068:  MOVWF  07
0069:  MOVLW  3F
006A:  BCF    03.5
006B:  MOVWF  07
.................... 		}  
.................... /*		sub();  
.................... 		output_b(bbb);  
.................... 		output_c(ccc);  
.................... 		delay_ms(100);  
.................... 		cnt++;*/  
.................... 	}  
006C:  GOTO   03D
.................... }  
....................   
006D:  SLEEP
.................... /*void sub (void) {  
.................... 	check = input_a() & 0x01;  
.................... 	if(check)	a = 1;  
....................   
.................... 	check = input_b() & 0x01;  
.................... 	if(check)	b = 1;  
....................   
.................... 	check = input_c() & 0x01;  
.................... 	if(check)	c = 1;  
....................   
.................... 	if(a != 0){   
.................... 		if(cnt % 5 == 0) aa++;  
.................... 		if(aa >= 0x08) aa = 0x01;  
.................... 		aaa = aa << 1;  
.................... 		aaa |= 0x20;  
.................... 		aaa = ~aaa;  
.................... 	}  
.................... 	if(b != 0){   
.................... 		if(cnt % 5 == 0) bb++;  
.................... 		if(bb >= 0x08) bb = 0x01;  
.................... 		bbb = bb << 1;  
.................... 		bbb |= 0x20;  
.................... 		bbb = ~bbb;   
.................... 	}  
.................... 	if(c != 0){   
.................... 		if(cnt % 5 == 0) cc++;  
.................... 		if(cc >= 0x08) cc = 0x01;  
.................... 		ccc = cc << 1;  
.................... 		ccc |= 0x20;  
.................... 		ccc = ~ccc;  
.................... 	}  
.................... }  
.................... */ 
